actual:
    price_in_cents: 12500
    currency_code: EUR
    currency_symbol: €
    formatted_price: '125 EUR'
without_discount:
    price_in_cents: 13900
    currency_code: EUR
    currency_symbol: €
    formatted_price: '139 EUR'
discount:
    active: true
    percentage: 10
    name: 'Flash sale'
    expires_at: 1577836800
